Running tests...
✓ Age calculation works: 35 years
Traceback (most recent call last):
  File "/private/tmp/test-autonomous-devops/test-project/test_main.py", line 25, in <module>
    test_format_greeting()
  File "/private/tmp/test-autonomous-devops/test-project/test_main.py", line 18, in test_format_greeting
    result = format_greeting("Alice", 1995)
  File "/private/tmp/test-autonomous-devops/test-project/main.py", line 19, in format_greeting
    data = json.dumps({
NameError: name 'json' is not defined
